C51 COMPILER V9.54   KEY                                                                   12/21/2023 03:28:24 PAGE 1   


C51 COMPILER V9.54, COMPILATION OF MODULE KEY
OBJECT MODULE PLACED IN .\Objects\key.obj
COMPILER INVOKED BY: E:\keil\C51\BIN\C51.EXE App\key\key.c OPTIMIZE(8,SPEED) BROWSE INCDIR(.\App\lcd1602;.\Public;.\App\
                    -HCSR04;.\App\smg;.\App\key;.\App\SG90) DEBUG OBJECTEXTEND PRINT(.\Listings\key.lst) TABS(3) OBJECT(.\Objects\key.obj)

line level    source

   1          #include "KEY.H"
   2          #include "HCSR04.H"
   3          #include "SG90.H"
   4          
   5          u8 gkeyNum = NO_KEY_DOWN;
   6          
   7          // 反转键值实现功能的启动与关闭
   8          void keyNumReverse(u8 val) {
   9   1         if (gkeyNum == val) {
  10   2            gkeyNum = NO_KEY_DOWN;
  11   2            
  12   2         } else {
  13   2            gkeyNum = val;
  14   2            P0 = 0XFF;
  15   2         }
  16   1      }
  17          
  18          // 按键扫描
  19          void key_scan() {
  20   1         if (!K4) {
  21   2            TR1 = 0;
  22   2            // 超声波模块的启动开关
  23   2            delay_ms(10);
  24   2            if (!K4) {
  25   3               TR1 = 1;
  26   3               keyNumReverse(K4_DOWN);
  27   3               gDirection = -1;
  28   3               if (gkeyNum == NO_KEY_DOWN) {
  29   4                  gDirection = 0;
  30   4               }
  31   3                  
  32   3            } else TR1 = 1;
  33   2         }
  34   1      }


MODULE INFORMATION:   STATIC OVERLAYABLE
   CODE SIZE        =     52    ----
   CONSTANT SIZE    =   ----    ----
   XDATA SIZE       =   ----    ----
   PDATA SIZE       =   ----    ----
   DATA SIZE        =      1    ----
   IDATA SIZE       =   ----    ----
   BIT SIZE         =   ----    ----
END OF MODULE INFORMATION.


C51 COMPILATION COMPLETE.  0 WARNING(S),  0 ERROR(S)
