C51 COMPILER V9.54   PUBLIC                                                                12/19/2023 01:12:19 PAGE 1   


C51 COMPILER V9.54, COMPILATION OF MODULE PUBLIC
OBJECT MODULE PLACED IN .\Objects\public.obj
COMPILER INVOKED BY: E:\keil\C51\BIN\C51.EXE Public\public.c OPTIMIZE(8,SPEED) BROWSE INCDIR(.\App\lcd1602;.\Public;.\Ap
                    -p\HCSR04;.\App\smg) DEBUG OBJECTEXTEND PRINT(.\Listings\public.lst) TABS(3) OBJECT(.\Objects\public.obj)

line level    source

   1          #include "PUBLIC.H"
   2          
   3          
   4          // ∫¡√Î—” ±
   5          void delay_ms(u16 ms) {
   6   1         u16 i, j;
   7   1         for (i = ms; i > 0; i--)
   8   1            for (j = 110; j > 0; j--);
   9   1      }
  10          
  11          // 100us—” ±
  12          void delay_10us(u16 ten_us) {
  13   1         while (ten_us--);
  14   1      }


MODULE INFORMATION:   STATIC OVERLAYABLE
   CODE SIZE        =     41    ----
   CONSTANT SIZE    =   ----    ----
   XDATA SIZE       =   ----    ----
   PDATA SIZE       =   ----    ----
   DATA SIZE        =   ----    ----
   IDATA SIZE       =   ----    ----
   BIT SIZE         =   ----    ----
END OF MODULE INFORMATION.


C51 COMPILATION COMPLETE.  0 WARNING(S),  0 ERROR(S)
